[2026-02-28T17:30:26.724+0800] {local_task_job_runner.py:123} INFO - ::group::Pre task execution logs
[2026-02-28T17:30:26.744+0800] {taskinstance.py:2631} INFO - Dependencies all met for dep_context=non-requeueable deps ti=<TaskInstance: cdrd_并发.读取测试用例 manual__2026-02-28T09:30:12.383522+00:00 [queued]>
[2026-02-28T17:30:26.752+0800] {taskinstance.py:2631} INFO - Dependencies all met for dep_context=requeueable deps ti=<TaskInstance: cdrd_并发.读取测试用例 manual__2026-02-28T09:30:12.383522+00:00 [queued]>
[2026-02-28T17:30:26.752+0800] {taskinstance.py:2884} INFO - Starting attempt 1 of 1
[2026-02-28T17:30:26.918+0800] {taskinstance.py:2907} INFO - Executing <Task(PythonOperator): 读取测试用例> on 2026-02-28 09:30:12.383522+00:00
[2026-02-28T17:30:26.924+0800] {standard_task_runner.py:72} INFO - Started process 23381 to run task
[2026-02-28T17:30:26.936+0800] {standard_task_runner.py:104} INFO - Running: ['airflow', 'tasks', 'run', 'cdrd_并发', '读取测试用例', 'manual__2026-02-28T09:30:12.383522+00:00', '--job-id', '699', '--raw', '--subdir', 'DAGS_FOLDER/tag_CDRD/系统管理/角色管理/dag_并发.py', '--cfg-path', '/var/folders/f7/4z7jtb213fs0mtgbw_0vs2600000gn/T/tmpad40p0ap']
[2026-02-28T17:30:26.962+0800] {standard_task_runner.py:105} INFO - Job 699: Subtask 读取测试用例
[2026-02-28T17:30:27.050+0800] {task_command.py:467} INFO - Running <TaskInstance: cdrd_并发.读取测试用例 manual__2026-02-28T09:30:12.383522+00:00 [running]> on host localhost-2.local
[2026-02-28T17:30:27.152+0800] {taskinstance.py:3157} INFO - Exporting env vars: AIRFLOW_CTX_DAG_OWNER='airflow' AIRFLOW_CTX_DAG_ID='cdrd_并发' AIRFLOW_CTX_TASK_ID='读取测试用例' AIRFLOW_CTX_EXECUTION_DATE='2026-02-28T09:30:12.383522+00:00' AIRFLOW_CTX_TRY_NUMBER='1' AIRFLOW_CTX_DAG_RUN_ID='manual__2026-02-28T09:30:12.383522+00:00'
[2026-02-28T17:30:27.153+0800] {taskinstance.py:740} INFO - ::endgroup::
[2026-02-28T17:30:27.175+0800] {logging_mixin.py:190} INFO - ==================================================
[2026-02-28T17:30:27.175+0800] {logging_mixin.py:190} INFO - 【生产者】开始读取测试用例...
[2026-02-28T17:30:27.176+0800] {logging_mixin.py:190} INFO - ==================================================
[2026-02-28T17:30:27.176+0800] {logging_mixin.py:190} INFO - ❌ 生产者任务执行失败: 获取总行列数失败: 获取工作表失败: 工作表 'v1.0' 不存在于当前文件中。可用的工作表包括：['Sheet1']
[2026-02-28T17:30:27.177+0800] {taskinstance.py:3336} ERROR - Task failed with exception
Traceback (most recent call last):
  File "/Users/linghuchong/Downloads/51/Python/project/PO/OpenpyxlPO.py", line 361, in sh
    raise ValueError(f"工作表 '{varSheet}' 不存在于当前文件中。可用的工作表包括：{self.wb.sheetnames}")
ValueError: 工作表 'v1.0' 不存在于当前文件中。可用的工作表包括：['Sheet1']

The above exception was the direct cause of the following exception:

Traceback (most recent call last):
  File "/Users/linghuchong/Downloads/51/Python/project/PO/OpenpyxlPO.py", line 2323, in getL_shape
    sh = self.sh(varSheet)
  File "/Users/linghuchong/Downloads/51/Python/project/PO/OpenpyxlPO.py", line 365, in sh
    raise ValueError(f"获取工作表失败: {e}") from e
ValueError: 获取工作表失败: 工作表 'v1.0' 不存在于当前文件中。可用的工作表包括：['Sheet1']

The above exception was the direct cause of the following exception:

Traceback (most recent call last):
  File "/Users/linghuchong/miniconda3/envs/py310/lib/python3.10/site-packages/airflow/models/taskinstance.py", line 776, in _execute_task
    result = _execute_callable(context=context, **execute_callable_kwargs)
  File "/Users/linghuchong/miniconda3/envs/py310/lib/python3.10/site-packages/airflow/models/taskinstance.py", line 742, in _execute_callable
    return ExecutionCallableRunner(
  File "/Users/linghuchong/miniconda3/envs/py310/lib/python3.10/site-packages/airflow/utils/operator_helpers.py", line 252, in run
    return self.func(*args, **kwargs)
  File "/Users/linghuchong/miniconda3/envs/py310/lib/python3.10/site-packages/airflow/models/baseoperator.py", line 424, in wrapper
    return func(self, *args, **kwargs)
  File "/Users/linghuchong/miniconda3/envs/py310/lib/python3.10/site-packages/airflow/operators/python.py", line 238, in execute
    return_value = self.execute_callable()
  File "/Users/linghuchong/miniconda3/envs/py310/lib/python3.10/site-packages/airflow/operators/python.py", line 256, in execute_callable
    return runner.run(*self.op_args, **self.op_kwargs)
  File "/Users/linghuchong/miniconda3/envs/py310/lib/python3.10/site-packages/airflow/utils/operator_helpers.py", line 252, in run
    return self.func(*args, **kwargs)
  File "/Users/linghuchong/Downloads/51/Python/project/instance/airflow284/dags/tag_CDRD/系统管理/角色管理/dag_并发.py", line 173, in producer_task
    raise e
  File "/Users/linghuchong/Downloads/51/Python/project/instance/airflow284/dags/tag_CDRD/系统管理/角色管理/dag_并发.py", line 148, in producer_task
    shape = Openpyxl_PO.getL_shape("v1.0")
  File "/Users/linghuchong/Downloads/51/Python/project/PO/OpenpyxlPO.py", line 2336, in getL_shape
    raise IOError(f"获取总行列数失败: {e}") from e
OSError: 获取总行列数失败: 获取工作表失败: 工作表 'v1.0' 不存在于当前文件中。可用的工作表包括：['Sheet1']
[2026-02-28T17:30:27.187+0800] {taskinstance.py:1242} INFO - Marking task as FAILED. dag_id=cdrd_并发, task_id=读取测试用例, run_id=manual__2026-02-28T09:30:12.383522+00:00, execution_date=20260228T093012, start_date=20260228T093026, end_date=20260228T093027
[2026-02-28T17:30:27.211+0800] {taskinstance.py:349} INFO - ::group::Post task execution logs
[2026-02-28T17:30:27.212+0800] {standard_task_runner.py:124} ERROR - Failed to execute job 699 for task 读取测试用例 (获取总行列数失败: 获取工作表失败: 工作表 'v1.0' 不存在于当前文件中。可用的工作表包括：['Sheet1']; 23381)
Traceback (most recent call last):
  File "/Users/linghuchong/Downloads/51/Python/project/PO/OpenpyxlPO.py", line 361, in sh
    raise ValueError(f"工作表 '{varSheet}' 不存在于当前文件中。可用的工作表包括：{self.wb.sheetnames}")
ValueError: 工作表 'v1.0' 不存在于当前文件中。可用的工作表包括：['Sheet1']

The above exception was the direct cause of the following exception:

Traceback (most recent call last):
  File "/Users/linghuchong/Downloads/51/Python/project/PO/OpenpyxlPO.py", line 2323, in getL_shape
    sh = self.sh(varSheet)
  File "/Users/linghuchong/Downloads/51/Python/project/PO/OpenpyxlPO.py", line 365, in sh
    raise ValueError(f"获取工作表失败: {e}") from e
ValueError: 获取工作表失败: 工作表 'v1.0' 不存在于当前文件中。可用的工作表包括：['Sheet1']

The above exception was the direct cause of the following exception:

Traceback (most recent call last):
  File "/Users/linghuchong/miniconda3/envs/py310/lib/python3.10/site-packages/airflow/task/task_runner/standard_task_runner.py", line 117, in _start_by_fork
    ret = args.func(args, dag=self.dag)
  File "/Users/linghuchong/miniconda3/envs/py310/lib/python3.10/site-packages/airflow/cli/cli_config.py", line 49, in command
    return func(*args, **kwargs)
  File "/Users/linghuchong/miniconda3/envs/py310/lib/python3.10/site-packages/airflow/utils/cli.py", line 116, in wrapper
    return f(*args, **kwargs)
  File "/Users/linghuchong/miniconda3/envs/py310/lib/python3.10/site-packages/airflow/cli/commands/task_command.py", line 483, in task_run
    task_return_code = _run_task_by_selected_method(args, _dag, ti)
  File "/Users/linghuchong/miniconda3/envs/py310/lib/python3.10/site-packages/airflow/cli/commands/task_command.py", line 256, in _run_task_by_selected_method
    return _run_raw_task(args, ti)
  File "/Users/linghuchong/miniconda3/envs/py310/lib/python3.10/site-packages/airflow/cli/commands/task_command.py", line 341, in _run_raw_task
    return ti._run_raw_task(
  File "/Users/linghuchong/miniconda3/envs/py310/lib/python3.10/site-packages/airflow/utils/session.py", line 97, in wrapper
    return func(*args, session=session, **kwargs)
  File "/Users/linghuchong/miniconda3/envs/py310/lib/python3.10/site-packages/airflow/models/taskinstance.py", line 3029, in _run_raw_task
    return _run_raw_task(
  File "/Users/linghuchong/miniconda3/envs/py310/lib/python3.10/site-packages/airflow/models/taskinstance.py", line 282, in _run_raw_task
    TaskInstance._execute_task_with_callbacks(
  File "/Users/linghuchong/miniconda3/envs/py310/lib/python3.10/site-packages/airflow/models/taskinstance.py", line 3184, in _execute_task_with_callbacks
    result = self._execute_task(context, task_orig)
  File "/Users/linghuchong/miniconda3/envs/py310/lib/python3.10/site-packages/airflow/models/taskinstance.py", line 3208, in _execute_task
    return _execute_task(self, context, task_orig)
  File "/Users/linghuchong/miniconda3/envs/py310/lib/python3.10/site-packages/airflow/models/taskinstance.py", line 776, in _execute_task
    result = _execute_callable(context=context, **execute_callable_kwargs)
  File "/Users/linghuchong/miniconda3/envs/py310/lib/python3.10/site-packages/airflow/models/taskinstance.py", line 742, in _execute_callable
    return ExecutionCallableRunner(
  File "/Users/linghuchong/miniconda3/envs/py310/lib/python3.10/site-packages/airflow/utils/operator_helpers.py", line 252, in run
    return self.func(*args, **kwargs)
  File "/Users/linghuchong/miniconda3/envs/py310/lib/python3.10/site-packages/airflow/models/baseoperator.py", line 424, in wrapper
    return func(self, *args, **kwargs)
  File "/Users/linghuchong/miniconda3/envs/py310/lib/python3.10/site-packages/airflow/operators/python.py", line 238, in execute
    return_value = self.execute_callable()
  File "/Users/linghuchong/miniconda3/envs/py310/lib/python3.10/site-packages/airflow/operators/python.py", line 256, in execute_callable
    return runner.run(*self.op_args, **self.op_kwargs)
  File "/Users/linghuchong/miniconda3/envs/py310/lib/python3.10/site-packages/airflow/utils/operator_helpers.py", line 252, in run
    return self.func(*args, **kwargs)
  File "/Users/linghuchong/Downloads/51/Python/project/instance/airflow284/dags/tag_CDRD/系统管理/角色管理/dag_并发.py", line 173, in producer_task
    raise e
  File "/Users/linghuchong/Downloads/51/Python/project/instance/airflow284/dags/tag_CDRD/系统管理/角色管理/dag_并发.py", line 148, in producer_task
    shape = Openpyxl_PO.getL_shape("v1.0")
  File "/Users/linghuchong/Downloads/51/Python/project/PO/OpenpyxlPO.py", line 2336, in getL_shape
    raise IOError(f"获取总行列数失败: {e}") from e
OSError: 获取总行列数失败: 获取工作表失败: 工作表 'v1.0' 不存在于当前文件中。可用的工作表包括：['Sheet1']
[2026-02-28T17:30:27.233+0800] {local_task_job_runner.py:266} INFO - Task exited with return code 1
[2026-02-28T17:30:27.273+0800] {taskinstance.py:3924} INFO - 0 downstream tasks scheduled from follow-on schedule check
[2026-02-28T17:30:27.280+0800] {local_task_job_runner.py:245} INFO - ::endgroup::
