[2026-03-01T15:54:07.645+0800] {local_task_job_runner.py:123} INFO - ::group::Pre task execution logs
[2026-03-01T15:54:07.795+0800] {taskinstance.py:2631} INFO - Dependencies all met for dep_context=non-requeueable deps ti=<TaskInstance: cdrd_新增用户.新增用户 manual__2026-03-01T07:53:49.331012+00:00 [queued]>
[2026-03-01T15:54:07.802+0800] {taskinstance.py:2631} INFO - Dependencies all met for dep_context=requeueable deps ti=<TaskInstance: cdrd_新增用户.新增用户 manual__2026-03-01T07:53:49.331012+00:00 [queued]>
[2026-03-01T15:54:07.803+0800] {taskinstance.py:2884} INFO - Starting attempt 1 of 1
[2026-03-01T15:54:07.816+0800] {taskinstance.py:2907} INFO - Executing <Task(PythonOperator): 新增用户> on 2026-03-01 07:53:49.331012+00:00
[2026-03-01T15:54:07.820+0800] {standard_task_runner.py:72} INFO - Started process 10569 to run task
[2026-03-01T15:54:07.828+0800] {standard_task_runner.py:104} INFO - Running: ['airflow', 'tasks', 'run', 'cdrd_新增用户', '新增用户', 'manual__2026-03-01T07:53:49.331012+00:00', '--job-id', '807', '--raw', '--subdir', 'DAGS_FOLDER/tag_CDRD/系统管理/用户管理/dag_新增用户.py', '--cfg-path', '/var/folders/f7/4z7jtb213fs0mtgbw_0vs2600000gn/T/tmp4sxopi0g']
[2026-03-01T15:54:07.832+0800] {standard_task_runner.py:105} INFO - Job 807: Subtask 新增用户
[2026-03-01T15:54:07.881+0800] {task_command.py:467} INFO - Running <TaskInstance: cdrd_新增用户.新增用户 manual__2026-03-01T07:53:49.331012+00:00 [running]> on host localhost-2.local
[2026-03-01T15:54:07.964+0800] {taskinstance.py:3157} INFO - Exporting env vars: AIRFLOW_CTX_DAG_OWNER='airflow' AIRFLOW_CTX_DAG_ID='cdrd_新增用户' AIRFLOW_CTX_TASK_ID='新增用户' AIRFLOW_CTX_EXECUTION_DATE='2026-03-01T07:53:49.331012+00:00' AIRFLOW_CTX_TRY_NUMBER='1' AIRFLOW_CTX_DAG_RUN_ID='manual__2026-03-01T07:53:49.331012+00:00'
[2026-03-01T15:54:07.966+0800] {taskinstance.py:740} INFO - ::endgroup::
[2026-03-01T15:54:07.987+0800] {logging_mixin.py:190} INFO - ==================================================
[2026-03-01T15:54:07.988+0800] {logging_mixin.py:190} INFO - 【消费者1】开始执行系统管理-用户管理测试用例...
[2026-03-01T15:54:07.988+0800] {logging_mixin.py:190} INFO - ==================================================
[2026-03-01T15:54:07.993+0800] {logging_mixin.py:190} INFO - 从XCom获取到的测试用例数据: 2 条
[2026-03-01T15:55:08.022+0800] {logging_mixin.py:190} INFO - ❌ 消费者1任务执行失败: (20009, b'DB-Lib error message 20009, severity 9:\nUnable to connect: Adaptive Server is unavailable or does not exist (192.168.0.234:1433)\nNet-Lib error during Operation timed out (60)\n')
[2026-03-01T15:55:08.027+0800] {logging_mixin.py:190} WARNING - Traceback (most recent call last):
[2026-03-01T15:55:08.028+0800] {logging_mixin.py:190} WARNING -   File "src/pymssql/_pymssql.pyx", line 651, in pymssql._pymssql.connect
[2026-03-01T15:55:08.029+0800] {logging_mixin.py:190} WARNING -   File "src/pymssql/_mssql.pyx", line 2189, in pymssql._mssql.connect
[2026-03-01T15:55:08.029+0800] {logging_mixin.py:190} WARNING -   File "src/pymssql/_mssql.pyx", line 722, in pymssql._mssql.MSSQLConnection.__init__
[2026-03-01T15:55:08.030+0800] {logging_mixin.py:190} WARNING -   File "src/pymssql/_mssql.pyx", line 1915, in pymssql._mssql.maybe_raise_MSSQLDatabaseException
[2026-03-01T15:55:08.030+0800] {logging_mixin.py:190} WARNING -   File "src/pymssql/_mssql.pyx", line 1932, in pymssql._mssql.raise_MSSQLDatabaseException
[2026-03-01T15:55:08.031+0800] {logging_mixin.py:190} WARNING - pymssql._mssql.MSSQLDatabaseException: (20009, b'DB-Lib error message 20009, severity 9:\nUnable to connect: Adaptive Server is unavailable or does not exist (192.168.0.234:1433)\nNet-Lib error during Operation timed out (60)\n')
[2026-03-01T15:55:08.031+0800] {logging_mixin.py:190} WARNING - 
During handling of the above exception, another exception occurred:
[2026-03-01T15:55:08.032+0800] {logging_mixin.py:190} WARNING - Traceback (most recent call last):
[2026-03-01T15:55:08.032+0800] {logging_mixin.py:190} WARNING -   File "/Users/linghuchong/Downloads/51/Python/project/instance/airflow284/dags/tag_CDRD/系统管理/用户管理/dag_新增用户.py", line 127, in consumer1_task
    test_execution(l_col_values[i])
[2026-03-01T15:55:08.033+0800] {logging_mixin.py:190} WARNING -   File "/Users/linghuchong/Downloads/51/Python/project/instance/airflow284/dags/tag_CDRD/系统管理/用户管理/dag_新增用户.py", line 217, in test_execution
    local_db = get_db_connection()
[2026-03-01T15:55:08.033+0800] {logging_mixin.py:190} WARNING -   File "/Users/linghuchong/Downloads/51/Python/project/instance/airflow284/dags/tag_CDRD/系统管理/用户管理/dag_新增用户.py", line 72, in get_db_connection
    return SqlserverPO(
[2026-03-01T15:55:08.034+0800] {logging_mixin.py:190} WARNING -   File "/Users/linghuchong/Downloads/51/Python/project/PO/SqlserverPO.py", line 201, in __init__
    self.conn = pymssql.connect(
[2026-03-01T15:55:08.034+0800] {logging_mixin.py:190} WARNING -   File "src/pymssql/_pymssql.pyx", line 660, in pymssql._pymssql.connect
[2026-03-01T15:55:08.034+0800] {logging_mixin.py:190} WARNING - pymssql.exceptions.OperationalError: (20009, b'DB-Lib error message 20009, severity 9:\nUnable to connect: Adaptive Server is unavailable or does not exist (192.168.0.234:1433)\nNet-Lib error during Operation timed out (60)\n')
[2026-03-01T15:55:08.035+0800] {taskinstance.py:3336} ERROR - Task failed with exception
Traceback (most recent call last):
  File "src/pymssql/_pymssql.pyx", line 651, in pymssql._pymssql.connect
  File "src/pymssql/_mssql.pyx", line 2189, in pymssql._mssql.connect
  File "src/pymssql/_mssql.pyx", line 722, in pymssql._mssql.MSSQLConnection.__init__
  File "src/pymssql/_mssql.pyx", line 1915, in pymssql._mssql.maybe_raise_MSSQLDatabaseException
  File "src/pymssql/_mssql.pyx", line 1932, in pymssql._mssql.raise_MSSQLDatabaseException
pymssql._mssql.MSSQLDatabaseException: (20009, b'DB-Lib error message 20009, severity 9:\nUnable to connect: Adaptive Server is unavailable or does not exist (192.168.0.234:1433)\nNet-Lib error during Operation timed out (60)\n')

During handling of the above exception, another exception occurred:

Traceback (most recent call last):
  File "/Users/linghuchong/miniconda3/envs/py310/lib/python3.10/site-packages/airflow/models/taskinstance.py", line 776, in _execute_task
    result = _execute_callable(context=context, **execute_callable_kwargs)
  File "/Users/linghuchong/miniconda3/envs/py310/lib/python3.10/site-packages/airflow/models/taskinstance.py", line 742, in _execute_callable
    return ExecutionCallableRunner(
  File "/Users/linghuchong/miniconda3/envs/py310/lib/python3.10/site-packages/airflow/utils/operator_helpers.py", line 252, in run
    return self.func(*args, **kwargs)
  File "/Users/linghuchong/miniconda3/envs/py310/lib/python3.10/site-packages/airflow/models/baseoperator.py", line 424, in wrapper
    return func(self, *args, **kwargs)
  File "/Users/linghuchong/miniconda3/envs/py310/lib/python3.10/site-packages/airflow/operators/python.py", line 238, in execute
    return_value = self.execute_callable()
  File "/Users/linghuchong/miniconda3/envs/py310/lib/python3.10/site-packages/airflow/operators/python.py", line 256, in execute_callable
    return runner.run(*self.op_args, **self.op_kwargs)
  File "/Users/linghuchong/miniconda3/envs/py310/lib/python3.10/site-packages/airflow/utils/operator_helpers.py", line 252, in run
    return self.func(*args, **kwargs)
  File "/Users/linghuchong/Downloads/51/Python/project/instance/airflow284/dags/tag_CDRD/系统管理/用户管理/dag_新增用户.py", line 133, in consumer1_task
    raise e
  File "/Users/linghuchong/Downloads/51/Python/project/instance/airflow284/dags/tag_CDRD/系统管理/用户管理/dag_新增用户.py", line 127, in consumer1_task
    test_execution(l_col_values[i])
  File "/Users/linghuchong/Downloads/51/Python/project/instance/airflow284/dags/tag_CDRD/系统管理/用户管理/dag_新增用户.py", line 217, in test_execution
    local_db = get_db_connection()
  File "/Users/linghuchong/Downloads/51/Python/project/instance/airflow284/dags/tag_CDRD/系统管理/用户管理/dag_新增用户.py", line 72, in get_db_connection
    return SqlserverPO(
  File "/Users/linghuchong/Downloads/51/Python/project/PO/SqlserverPO.py", line 201, in __init__
    self.conn = pymssql.connect(
  File "src/pymssql/_pymssql.pyx", line 660, in pymssql._pymssql.connect
pymssql.exceptions.OperationalError: (20009, b'DB-Lib error message 20009, severity 9:\nUnable to connect: Adaptive Server is unavailable or does not exist (192.168.0.234:1433)\nNet-Lib error during Operation timed out (60)\n')
[2026-03-01T15:55:08.045+0800] {taskinstance.py:1242} INFO - Marking task as FAILED. dag_id=cdrd_新增用户, task_id=新增用户, run_id=manual__2026-03-01T07:53:49.331012+00:00, execution_date=20260301T075349, start_date=20260301T075407, end_date=20260301T075508
[2026-03-01T15:55:08.061+0800] {taskinstance.py:349} INFO - ::group::Post task execution logs
[2026-03-01T15:55:08.062+0800] {standard_task_runner.py:124} ERROR - Failed to execute job 807 for task 新增用户 ((20009, b'DB-Lib error message 20009, severity 9:\nUnable to connect: Adaptive Server is unavailable or does not exist (192.168.0.234:1433)\nNet-Lib error during Operation timed out (60)\n'); 10569)
Traceback (most recent call last):
  File "src/pymssql/_pymssql.pyx", line 651, in pymssql._pymssql.connect
  File "src/pymssql/_mssql.pyx", line 2189, in pymssql._mssql.connect
  File "src/pymssql/_mssql.pyx", line 722, in pymssql._mssql.MSSQLConnection.__init__
  File "src/pymssql/_mssql.pyx", line 1915, in pymssql._mssql.maybe_raise_MSSQLDatabaseException
  File "src/pymssql/_mssql.pyx", line 1932, in pymssql._mssql.raise_MSSQLDatabaseException
pymssql._mssql.MSSQLDatabaseException: (20009, b'DB-Lib error message 20009, severity 9:\nUnable to connect: Adaptive Server is unavailable or does not exist (192.168.0.234:1433)\nNet-Lib error during Operation timed out (60)\n')

During handling of the above exception, another exception occurred:

Traceback (most recent call last):
  File "/Users/linghuchong/miniconda3/envs/py310/lib/python3.10/site-packages/airflow/task/task_runner/standard_task_runner.py", line 117, in _start_by_fork
    ret = args.func(args, dag=self.dag)
  File "/Users/linghuchong/miniconda3/envs/py310/lib/python3.10/site-packages/airflow/cli/cli_config.py", line 49, in command
    return func(*args, **kwargs)
  File "/Users/linghuchong/miniconda3/envs/py310/lib/python3.10/site-packages/airflow/utils/cli.py", line 116, in wrapper
    return f(*args, **kwargs)
  File "/Users/linghuchong/miniconda3/envs/py310/lib/python3.10/site-packages/airflow/cli/commands/task_command.py", line 483, in task_run
    task_return_code = _run_task_by_selected_method(args, _dag, ti)
  File "/Users/linghuchong/miniconda3/envs/py310/lib/python3.10/site-packages/airflow/cli/commands/task_command.py", line 256, in _run_task_by_selected_method
    return _run_raw_task(args, ti)
  File "/Users/linghuchong/miniconda3/envs/py310/lib/python3.10/site-packages/airflow/cli/commands/task_command.py", line 341, in _run_raw_task
    return ti._run_raw_task(
  File "/Users/linghuchong/miniconda3/envs/py310/lib/python3.10/site-packages/airflow/utils/session.py", line 97, in wrapper
    return func(*args, session=session, **kwargs)
  File "/Users/linghuchong/miniconda3/envs/py310/lib/python3.10/site-packages/airflow/models/taskinstance.py", line 3029, in _run_raw_task
    return _run_raw_task(
  File "/Users/linghuchong/miniconda3/envs/py310/lib/python3.10/site-packages/airflow/models/taskinstance.py", line 282, in _run_raw_task
    TaskInstance._execute_task_with_callbacks(
  File "/Users/linghuchong/miniconda3/envs/py310/lib/python3.10/site-packages/airflow/models/taskinstance.py", line 3184, in _execute_task_with_callbacks
    result = self._execute_task(context, task_orig)
  File "/Users/linghuchong/miniconda3/envs/py310/lib/python3.10/site-packages/airflow/models/taskinstance.py", line 3208, in _execute_task
    return _execute_task(self, context, task_orig)
  File "/Users/linghuchong/miniconda3/envs/py310/lib/python3.10/site-packages/airflow/models/taskinstance.py", line 776, in _execute_task
    result = _execute_callable(context=context, **execute_callable_kwargs)
  File "/Users/linghuchong/miniconda3/envs/py310/lib/python3.10/site-packages/airflow/models/taskinstance.py", line 742, in _execute_callable
    return ExecutionCallableRunner(
  File "/Users/linghuchong/miniconda3/envs/py310/lib/python3.10/site-packages/airflow/utils/operator_helpers.py", line 252, in run
    return self.func(*args, **kwargs)
  File "/Users/linghuchong/miniconda3/envs/py310/lib/python3.10/site-packages/airflow/models/baseoperator.py", line 424, in wrapper
    return func(self, *args, **kwargs)
  File "/Users/linghuchong/miniconda3/envs/py310/lib/python3.10/site-packages/airflow/operators/python.py", line 238, in execute
    return_value = self.execute_callable()
  File "/Users/linghuchong/miniconda3/envs/py310/lib/python3.10/site-packages/airflow/operators/python.py", line 256, in execute_callable
    return runner.run(*self.op_args, **self.op_kwargs)
  File "/Users/linghuchong/miniconda3/envs/py310/lib/python3.10/site-packages/airflow/utils/operator_helpers.py", line 252, in run
    return self.func(*args, **kwargs)
  File "/Users/linghuchong/Downloads/51/Python/project/instance/airflow284/dags/tag_CDRD/系统管理/用户管理/dag_新增用户.py", line 133, in consumer1_task
    raise e
  File "/Users/linghuchong/Downloads/51/Python/project/instance/airflow284/dags/tag_CDRD/系统管理/用户管理/dag_新增用户.py", line 127, in consumer1_task
    test_execution(l_col_values[i])
  File "/Users/linghuchong/Downloads/51/Python/project/instance/airflow284/dags/tag_CDRD/系统管理/用户管理/dag_新增用户.py", line 217, in test_execution
    local_db = get_db_connection()
  File "/Users/linghuchong/Downloads/51/Python/project/instance/airflow284/dags/tag_CDRD/系统管理/用户管理/dag_新增用户.py", line 72, in get_db_connection
    return SqlserverPO(
  File "/Users/linghuchong/Downloads/51/Python/project/PO/SqlserverPO.py", line 201, in __init__
    self.conn = pymssql.connect(
  File "src/pymssql/_pymssql.pyx", line 660, in pymssql._pymssql.connect
pymssql.exceptions.OperationalError: (20009, b'DB-Lib error message 20009, severity 9:\nUnable to connect: Adaptive Server is unavailable or does not exist (192.168.0.234:1433)\nNet-Lib error during Operation timed out (60)\n')
[2026-03-01T15:55:08.091+0800] {local_task_job_runner.py:266} INFO - Task exited with return code 1
[2026-03-01T15:55:08.115+0800] {taskinstance.py:3924} INFO - 0 downstream tasks scheduled from follow-on schedule check
[2026-03-01T15:55:08.121+0800] {local_task_job_runner.py:245} INFO - ::endgroup::
